{
  "version": "1.5.0",
  "plugins_used": [
    {
      "name": "ArtifactoryDetector"
    },
    {
      "name": "AWSKeyDetector"
    },
    {
      "name": "AzureStorageKeyDetector"
    },
    {
      "name": "Base64HighEntropyString",
      "limit": 4.5
    },
    {
      "name": "BasicAuthDetector"
    },
    {
      "name": "CloudantDetector"
    },
    {
      "name": "DiscordBotTokenDetector"
    },
    {
      "name": "GitHubTokenDetector"
    },
    {
      "name": "GitLabTokenDetector"
    },
    {
      "name": "HexHighEntropyString",
      "limit": 3.0
    },
    {
      "name": "IbmCloudIamDetector"
    },
    {
      "name": "IbmCosHmacDetector"
    },
    {
      "name": "IPPublicDetector"
    },
    {
      "name": "JwtTokenDetector"
    },
    {
      "name": "KeywordDetector",
      "keyword_exclude": ""
    },
    {
      "name": "MailchimpDetector"
    },
    {
      "name": "NpmDetector"
    },
    {
      "name": "OpenAIDetector"
    },
    {
      "name": "PrivateKeyDetector"
    },
    {
      "name": "PypiTokenDetector"
    },
    {
      "name": "SendGridDetector"
    },
    {
      "name": "SlackDetector"
    },
    {
      "name": "SoftlayerDetector"
    },
    {
      "name": "SquareOAuthDetector"
    },
    {
      "name": "StripeDetector"
    },
    {
      "name": "TelegramBotTokenDetector"
    },
    {
      "name": "TwilioKeyDetector"
    }
  ],
  "filters_used": [
    {
      "path": "detect_secrets.filters.allowlist.is_line_allowlisted"
    },
    {
      "path": "detect_secrets.filters.common.is_baseline_file",
      "filename": ".secrets.baseline"
    },
    {
      "path": "detect_secrets.filters.common.is_ignored_due_to_verification_policies",
      "min_level": 2
    },
    {
      "path": "detect_secrets.filters.heuristic.is_indirect_reference"
    },
    {
      "path": "detect_secrets.filters.heuristic.is_likely_id_string"
    },
    {
      "path": "detect_secrets.filters.heuristic.is_lock_file"
    },
    {
      "path": "detect_secrets.filters.heuristic.is_not_alphanumeric_string"
    },
    {
      "path": "detect_secrets.filters.heuristic.is_potential_uuid"
    },
    {
      "path": "detect_secrets.filters.heuristic.is_prefixed_with_dollar_sign"
    },
    {
      "path": "detect_secrets.filters.heuristic.is_sequential_string"
    },
    {
      "path": "detect_secrets.filters.heuristic.is_swagger_file"
    },
    {
      "path": "detect_secrets.filters.heuristic.is_templated_secret"
    },
    {
      "path": "detect_secrets.filters.regex.should_exclude_file",
      "pattern": [
        "package-lock\\.json",
        "\\.env\\.example",
        "node_modules/.*"
      ]
    }
  ],
  "results": {
    ".claude/SETUP_GUIDE.md": [
      {
        "type": "Secret Keyword",
        "filename": ".claude/SETUP_GUIDE.md",
        "hashed_secret": "ec3810e10fb78db55ce38b9c18d1c3eb1db739e0",
        "is_verified": false,
        "line_number": 291
      },
      {
        "type": "Secret Keyword",
        "filename": ".claude/SETUP_GUIDE.md",
        "hashed_secret": "090eaf85c1e017572fb3e4636ab65de3ba5a6f1d",
        "is_verified": false,
        "line_number": 295
      }
    ],
    ".claude/mcp-config.md": [
      {
        "type": "Secret Keyword",
        "filename": ".claude/mcp-config.md",
        "hashed_secret": "fe004f2edcf932c7e82799eeb6d5109bc29c3ece",
        "is_verified": false,
        "line_number": 64
      },
      {
        "type": "Secret Keyword",
        "filename": ".claude/mcp-config.md",
        "hashed_secret": "982a02066e8d17939d3f35cf7610e0d37dc60bda",
        "is_verified": false,
        "line_number": 184
      }
    ],
    ".gitleaks.toml": [
      {
        "type": "Private Key",
        "filename": ".gitleaks.toml",
        "hashed_secret": "be4fc4886bd949b369d5e092eb87494f12e57e5b",
        "is_verified": false,
        "line_number": 127
      }
    ],
    "beright-escrow/Anchor.toml": [
      {
        "type": "Base64 High Entropy String",
        "filename": "beright-escrow/Anchor.toml",
        "hashed_secret": "15cef2f2649de07b89ffd870145695c9ddf22545",
        "is_verified": false,
        "line_number": 9
      }
    ],
    "beright-escrow/pnpm-lock.yaml": [
      {
        "type": "Base64 High Entropy String",
        "filename": "beright-escrow/pnpm-lock.yaml",
        "hashed_secret": "8ce6977002b5073e86067ab6571cbcfa3f770a1e",
        "is_verified": false,
        "line_number": 46
      },
      {
        "type": "Base64 High Entropy String",
        "filename": "beright-escrow/pnpm-lock.yaml",
        "hashed_secret": "67137768f7d0351cc251a12e0fa424da54db7615",
        "is_verified": false,
        "line_number": 50
      },
      {
        "type": "Base64 High Entropy String",
        "filename": "beright-escrow/pnpm-lock.yaml",
        "hashed_secret": "79c322e689680d6e6e6dc9539dfdb925fb6c01a1",
        "is_verified": false,
        "line_number": 54
      },
      {
        "type": "Base64 High Entropy String",
        "filename": "beright-escrow/pnpm-lock.yaml",
        "hashed_secret": "b9394c7a431b08c4f96f136078affe8fae8bc94c",
        "is_verified": false,
        "line_number": 58
      },
      {
        "type": "Base64 High Entropy String",
        "filename": "beright-escrow/pnpm-lock.yaml",
        "hashed_secret": "1d2faf4612966692df97ca5b334d6d8b7ef72cce",
        "is_verified": false,
        "line_number": 64
      },
      {
        "type": "Base64 High Entropy String",
        "filename": "beright-escrow/pnpm-lock.yaml",
        "hashed_secret": "99b14aac05b7b07209092247e79b485cb96bf5d7",
        "is_verified": false,
        "line_number": 68
      },
      {
        "type": "Base64 High Entropy String",
        "filename": "beright-escrow/pnpm-lock.yaml",
        "hashed_secret": "8d98c8dc78ba7d2f64e304add850659862651971",
        "is_verified": false,
        "line_number": 72
      },
      {
        "type": "Base64 High Entropy String",
        "filename": "beright-escrow/pnpm-lock.yaml",
        "hashed_secret": "130f0409379a8aa926cc8f756fb73429e71b1b7d",
        "is_verified": false,
        "line_number": 76
      },
      {
        "type": "Base64 High Entropy String",
        "filename": "beright-escrow/pnpm-lock.yaml",
        "hashed_secret": "76bea58d64affaed976f34002a90652103094eac",
        "is_verified": false,
        "line_number": 82
      },
      {
        "type": "Base64 High Entropy String",
        "filename": "beright-escrow/pnpm-lock.yaml",
        "hashed_secret": "137690da32ec2dd1a1cc8944643376a6662148fd",
        "is_verified": false,
        "line_number": 88
      },
      {
        "type": "Base64 High Entropy String",
        "filename": "beright-escrow/pnpm-lock.yaml",
        "hashed_secret": "3225e2e4ca22cb095edecb861956bf7180ac2bb2",
        "is_verified": false,
        "line_number": 95
      },
      {
        "type": "Base64 High Entropy String",
        "filename": "beright-escrow/pnpm-lock.yaml",
        "hashed_secret": "162dfde40f01c8555ffd284f271606f8912488d6",
        "is_verified": false,
        "line_number": 98
      },
      {
        "type": "Base64 High Entropy String",
        "filename": "beright-escrow/pnpm-lock.yaml",
        "hashed_secret": "44ca03d49843a86dd8107c828447d30ccc7f26bc",
        "is_verified": false,
        "line_number": 101
      },
      {
        "type": "Base64 High Entropy String",
        "filename": "beright-escrow/pnpm-lock.yaml",
        "hashed_secret": "7fa226273d5a0d1b9abf45e18909943d7007d1b2",
        "is_verified": false,
        "line_number": 104
      },
      {
        "type": "Base64 High Entropy String",
        "filename": "beright-escrow/pnpm-lock.yaml",
        "hashed_secret": "4830c981f573920a3825a0976ad9593285318a78",
        "is_verified": false,
        "line_number": 107
      },
      {
        "type": "Base64 High Entropy String",
        "filename": "beright-escrow/pnpm-lock.yaml",
        "hashed_secret": "5b40e601244d3b220a780e4ca3fc146ff6ec7e82",
        "is_verified": false,
        "line_number": 110
      },
      {
        "type": "Base64 High Entropy String",
        "filename": "beright-escrow/pnpm-lock.yaml",
        "hashed_secret": "2b4922081b47a69c1a1a3c0f7946223015e1fc6d",
        "is_verified": false,
        "line_number": 113
      },
      {
        "type": "Base64 High Entropy String",
        "filename": "beright-escrow/pnpm-lock.yaml",
        "hashed_secret": "dc47af1c1ceb89a3ad0124b92ad9fb9f33a0b50d",
        "is_verified": false,
        "line_number": 116
      },
      {
        "type": "Base64 High Entropy String",
        "filename": "beright-escrow/pnpm-lock.yaml",
        "hashed_secret": "7ab0ba030f585ac2e88c2c83bd4d126d29d90b0d",
        "is_verified": false,
        "line_number": 119
      },
      {
        "type": "Base64 High Entropy String",
        "filename": "beright-escrow/pnpm-lock.yaml",
        "hashed_secret": "1ac0dfb1c2f36a347ffe8a78979519a66e755eeb",
        "is_verified": false,
        "line_number": 122
      },
      {
        "type": "Base64 High Entropy String",
        "filename": "beright-escrow/pnpm-lock.yaml",
        "hashed_secret": "618a8148c9899b3b6bd69562f235038dc7953718",
        "is_verified": false,
        "line_number": 125
      },
      {
        "type": "Base64 High Entropy String",
        "filename": "beright-escrow/pnpm-lock.yaml",
        "hashed_secret": "4e364f3437bb81567c8eb29b49fc4a209683d1cf",
        "is_verified": false,
        "line_number": 128
      },
      {
        "type": "Base64 High Entropy String",
        "filename": "beright-escrow/pnpm-lock.yaml",
        "hashed_secret": "2ae70d048531371eeb026243778c761c5e8f33e3",
        "is_verified": false,
        "line_number": 132
      },
      {
        "type": "Base64 High Entropy String",
        "filename": "beright-escrow/pnpm-lock.yaml",
        "hashed_secret": "35ca90e5fa9b87427a5ff8b3f333a7b7d45fc260",
        "is_verified": false,
        "line_number": 136
      },
      {
        "type": "Base64 High Entropy String",
        "filename": "beright-escrow/pnpm-lock.yaml",
        "hashed_secret": "d15b82853a984c45aab87399878c98082bac85ba",
        "is_verified": false,
        "line_number": 140
      },
      {
        "type": "Base64 High Entropy String",
        "filename": "beright-escrow/pnpm-lock.yaml",
        "hashed_secret": "69508e9f25ead6b12c7a762c93b2a5b9cb587d60",
        "is_verified": false,
        "line_number": 144
      },
      {
        "type": "Base64 High Entropy String",
        "filename": "beright-escrow/pnpm-lock.yaml",
        "hashed_secret": "22bd0abeadedbe4ac89a1415cff3788f50a4dc48",
        "is_verified": false,
        "line_number": 148
      },
      {
        "type": "Base64 High Entropy String",
        "filename": "beright-escrow/pnpm-lock.yaml",
        "hashed_secret": "288917f58bc65fd73334ce36e73d451608ed38a4",
        "is_verified": false,
        "line_number": 151
      },
      {
        "type": "Base64 High Entropy String",
        "filename": "beright-escrow/pnpm-lock.yaml",
        "hashed_secret": "74106597d0b482d1234b7c43497027a1296250af",
        "is_verified": false,
        "line_number": 155
      },
      {
        "type": "Base64 High Entropy String",
        "filename": "beright-escrow/pnpm-lock.yaml",
        "hashed_secret": "5b7cd7946ca5e56496386ea38016606310bfcf03",
        "is_verified": false,
        "line_number": 158
      },
      {
        "type": "Base64 High Entropy String",
        "filename": "beright-escrow/pnpm-lock.yaml",
        "hashed_secret": "f5fedcc3a74ba4120e1cbb6cacbc2a8adc4e1fb9",
        "is_verified": false,
        "line_number": 161
      },
      {
        "type": "Base64 High Entropy String",
        "filename": "beright-escrow/pnpm-lock.yaml",
        "hashed_secret": "7bb507ba2f47095177b03051a6340091be5871b2",
        "is_verified": false,
        "line_number": 164
      },
      {
        "type": "Base64 High Entropy String",
        "filename": "beright-escrow/pnpm-lock.yaml",
        "hashed_secret": "6218cfe8ba1d7ca732ab6609d9fac82f424d34db",
        "is_verified": false,
        "line_number": 167
      },
      {
        "type": "Base64 High Entropy String",
        "filename": "beright-escrow/pnpm-lock.yaml",
        "hashed_secret": "331cf82b4034e123f4995ba7dc2464b901396a10",
        "is_verified": false,
        "line_number": 171
      },
      {
        "type": "Base64 High Entropy String",
        "filename": "beright-escrow/pnpm-lock.yaml",
        "hashed_secret": "0b8b41b481a4a8f73138435443ec288e261b1042",
        "is_verified": false,
        "line_number": 174
      },
      {
        "type": "Base64 High Entropy String",
        "filename": "beright-escrow/pnpm-lock.yaml",
        "hashed_secret": "301ec28c85c9d136ed8b90c2defb08d2d1dc6dc0",
        "is_verified": false,
        "line_number": 177
      },
      {
        "type": "Base64 High Entropy String",
        "filename": "beright-escrow/pnpm-lock.yaml",
        "hashed_secret": "4cd454d960136b7b4f74cca3c12010ff2ebd7663",
        "is_verified": false,
        "line_number": 180
      },
      {
        "type": "Base64 High Entropy String",
        "filename": "beright-escrow/pnpm-lock.yaml",
        "hashed_secret": "f7c71d8da72d650036ab8a5dc50df05fe99976e9",
        "is_verified": false,
        "line_number": 184
      },
      {
        "type": "Base64 High Entropy String",
        "filename": "beright-escrow/pnpm-lock.yaml",
        "hashed_secret": "ae2455218ec885fa2406d5e06c56b5b48a635dbf",
        "is_verified": false,
        "line_number": 187
      },
      {
        "type": "Base64 High Entropy String",
        "filename": "beright-escrow/pnpm-lock.yaml",
        "hashed_secret": "38119d6755480fd81caed75382e6bcbb3685ca44",
        "is_verified": false,
        "line_number": 190
      },
      {
        "type": "Base64 High Entropy String",
        "filename": "beright-escrow/pnpm-lock.yaml",
        "hashed_secret": "49440f7f8891c2ddc81e666d773b605508e23485",
        "is_verified": false,
        "line_number": 193
      },
      {
        "type": "Base64 High Entropy String",
        "filename": "beright-escrow/pnpm-lock.yaml",
        "hashed_secret": "9748716a465dd6d055354fd346c4cd105b7d39b1",
        "is_verified": false,
        "line_number": 197
      },
      {
        "type": "Base64 High Entropy String",
        "filename": "beright-escrow/pnpm-lock.yaml",
        "hashed_secret": "82bc547208733dd785fa6e2d01b4110794257f74",
        "is_verified": false,
        "line_number": 200
      },
      {
        "type": "Base64 High Entropy String",
        "filename": "beright-escrow/pnpm-lock.yaml",
        "hashed_secret": "6791035095fb16620100008d8bd175f89259e13f",
        "is_verified": false,
        "line_number": 204
      },
      {
        "type": "Base64 High Entropy String",
        "filename": "beright-escrow/pnpm-lock.yaml",
        "hashed_secret": "7c36c3ff949a4f38922701a0fe3eb03c92eeb7ba",
        "is_verified": false,
        "line_number": 208
      },
      {
        "type": "Base64 High Entropy String",
        "filename": "beright-escrow/pnpm-lock.yaml",
        "hashed_secret": "5e5e944819f9ed1defbf3b9cf387214fb2f04d61",
        "is_verified": false,
        "line_number": 212
      },
      {
        "type": "Base64 High Entropy String",
        "filename": "beright-escrow/pnpm-lock.yaml",
        "hashed_secret": "2ee2ba1ba92b35b86efce34680dd6e1300084026",
        "is_verified": false,
        "line_number": 216
      },
      {
        "type": "Base64 High Entropy String",
        "filename": "beright-escrow/pnpm-lock.yaml",
        "hashed_secret": "28072ac1f85a394efbe923fb172dfc8ff4d38556",
        "is_verified": false,
        "line_number": 220
      },
      {
        "type": "Base64 High Entropy String",
        "filename": "beright-escrow/pnpm-lock.yaml",
        "hashed_secret": "4116283da073d4ab654db7f17a1325f7d331e9c5",
        "is_verified": false,
        "line_number": 223
      },
      {
        "type": "Base64 High Entropy String",
        "filename": "beright-escrow/pnpm-lock.yaml",
        "hashed_secret": "6f67b0fd13f6feb5f6132a68f8c7f59b6bdcf97e",
        "is_verified": false,
        "line_number": 227
      },
      {
        "type": "Base64 High Entropy String",
        "filename": "beright-escrow/pnpm-lock.yaml",
        "hashed_secret": "4ed49acfbd180533265d2099f3043963c4a24443",
        "is_verified": false,
        "line_number": 230
      },
      {
        "type": "Base64 High Entropy String",
        "filename": "beright-escrow/pnpm-lock.yaml",
        "hashed_secret": "428e72f71455a785963f1df5f85c26c6d6ae519b",
        "is_verified": false,
        "line_number": 234
      },
      {
        "type": "Base64 High Entropy String",
        "filename": "beright-escrow/pnpm-lock.yaml",
        "hashed_secret": "951e0374c9a1d7fa0e1428f26e825abcc92681e0",
        "is_verified": false,
        "line_number": 237
      },
      {
        "type": "Base64 High Entropy String",
        "filename": "beright-escrow/pnpm-lock.yaml",
        "hashed_secret": "df911743057e957d166c09e0746e85bf596195d6",
        "is_verified": false,
        "line_number": 241
      },
      {
        "type": "Base64 High Entropy String",
        "filename": "beright-escrow/pnpm-lock.yaml",
        "hashed_secret": "3532dfb7b2d943aef9c8dbf2d9bd39997bf54670",
        "is_verified": false,
        "line_number": 244
      },
      {
        "type": "Base64 High Entropy String",
        "filename": "beright-escrow/pnpm-lock.yaml",
        "hashed_secret": "d45062677e99f28b9a98f4b53e9af8f56b01bb10",
        "is_verified": false,
        "line_number": 247
      },
      {
        "type": "Base64 High Entropy String",
        "filename": "beright-escrow/pnpm-lock.yaml",
        "hashed_secret": "60d53af452a0b65bbe4c4584dd41b3e60cd6adb5",
        "is_verified": false,
        "line_number": 256
      },
      {
        "type": "Base64 High Entropy String",
        "filename": "beright-escrow/pnpm-lock.yaml",
        "hashed_secret": "2663e1112f14c846980b4a5ec9f6cd37552529a8",
        "is_verified": false,
        "line_number": 260
      },
      {
        "type": "Base64 High Entropy String",
        "filename": "beright-escrow/pnpm-lock.yaml",
        "hashed_secret": "6ae6a4d9ab6b55d7a609e0a07afa24f8280de550",
        "is_verified": false,
        "line_number": 264
      },
      {
        "type": "Base64 High Entropy String",
        "filename": "beright-escrow/pnpm-lock.yaml",
        "hashed_secret": "02a4805ba585eb03764d8dffb28b16d3e75e540b",
        "is_verified": false,
        "line_number": 268
      },
      {
        "type": "Base64 High Entropy String",
        "filename": "beright-escrow/pnpm-lock.yaml",
        "hashed_secret": "2da435842b4a654e52f1eddad13714596d69d82c",
        "is_verified": false,
        "line_number": 272
      },
      {
        "type": "Base64 High Entropy String",
        "filename": "beright-escrow/pnpm-lock.yaml",
        "hashed_secret": "fc7b2f07f919c3f8e20aa78a1756d2bcca252fb9",
        "is_verified": false,
        "line_number": 276
      },
      {
        "type": "Base64 High Entropy String",
        "filename": "beright-escrow/pnpm-lock.yaml",
        "hashed_secret": "14308cfbf117dbb6043a80f92e4adec122782cae",
        "is_verified": false,
        "line_number": 279
      },
      {
        "type": "Base64 High Entropy String",
        "filename": "beright-escrow/pnpm-lock.yaml",
        "hashed_secret": "3efa928214274b0387445d56e3040f5cf031095b",
        "is_verified": false,
        "line_number": 282
      },
      {
        "type": "Base64 High Entropy String",
        "filename": "beright-escrow/pnpm-lock.yaml",
        "hashed_secret": "3cb8e7a708267691af8530db673cae1ad0578392",
        "is_verified": false,
        "line_number": 285
      },
      {
        "type": "Base64 High Entropy String",
        "filename": "beright-escrow/pnpm-lock.yaml",
        "hashed_secret": "6c88ecf20f9dc070ee18f0cf59f58b0025f6ec55",
        "is_verified": false,
        "line_number": 289
      },
      {
        "type": "Base64 High Entropy String",
        "filename": "beright-escrow/pnpm-lock.yaml",
        "hashed_secret": "03d6fb388dd1b185129b14221f7127715822ece6",
        "is_verified": false,
        "line_number": 293
      },
      {
        "type": "Base64 High Entropy String",
        "filename": "beright-escrow/pnpm-lock.yaml",
        "hashed_secret": "74b1d988ed59dd5af4b6fce2898f72f10ab4dc16",
        "is_verified": false,
        "line_number": 296
      },
      {
        "type": "Base64 High Entropy String",
        "filename": "beright-escrow/pnpm-lock.yaml",
        "hashed_secret": "4250b03b6c3190470a29bcb09bfbd6f95bdf408b",
        "is_verified": false,
        "line_number": 299
      },
      {
        "type": "Base64 High Entropy String",
        "filename": "beright-escrow/pnpm-lock.yaml",
        "hashed_secret": "debe6aa8e6ecd4a068e14ada17f1c1f2ce4afd0c",
        "is_verified": false,
        "line_number": 303
      },
      {
        "type": "Base64 High Entropy String",
        "filename": "beright-escrow/pnpm-lock.yaml",
        "hashed_secret": "7c235e480345a8563b9b7348d8b568bd51bf3814",
        "is_verified": false,
        "line_number": 306
      },
      {
        "type": "Base64 High Entropy String",
        "filename": "beright-escrow/pnpm-lock.yaml",
        "hashed_secret": "3594781b38f5d70bb1b747317347cf06b2a0cc01",
        "is_verified": false,
        "line_number": 310
      },
      {
        "type": "Base64 High Entropy String",
        "filename": "beright-escrow/pnpm-lock.yaml",
        "hashed_secret": "c332747f8870d8e199832a0f07d5a5d606ff752d",
        "is_verified": false,
        "line_number": 314
      },
      {
        "type": "Base64 High Entropy String",
        "filename": "beright-escrow/pnpm-lock.yaml",
        "hashed_secret": "373831427f7199408d11295085894b997d8537cf",
        "is_verified": false,
        "line_number": 318
      },
      {
        "type": "Base64 High Entropy String",
        "filename": "beright-escrow/pnpm-lock.yaml",
        "hashed_secret": "d950cd8ef510429f57fb282e4a437321ca86158c",
        "is_verified": false,
        "line_number": 321
      },
      {
        "type": "Base64 High Entropy String",
        "filename": "beright-escrow/pnpm-lock.yaml",
        "hashed_secret": "184476d985c0d799b82544165cb4d456129f594c",
        "is_verified": false,
        "line_number": 326
      },
      {
        "type": "Base64 High Entropy String",
        "filename": "beright-escrow/pnpm-lock.yaml",
        "hashed_secret": "6a0b1415802be4d185b26687c46427264b5a82bf",
        "is_verified": false,
        "line_number": 330
      },
      {
        "type": "Base64 High Entropy String",
        "filename": "beright-escrow/pnpm-lock.yaml",
        "hashed_secret": "371ca38e7acde2cb9e7c1a8bea0355722ff047cf",
        "is_verified": false,
        "line_number": 333
      },
      {
        "type": "Base64 High Entropy String",
        "filename": "beright-escrow/pnpm-lock.yaml",
        "hashed_secret": "5f66737e996f37f1fdcb0d31368a843ac972a195",
        "is_verified": false,
        "line_number": 337
      },
      {
        "type": "Base64 High Entropy String",
        "filename": "beright-escrow/pnpm-lock.yaml",
        "hashed_secret": "086b47ff4b09d5daf48fc11a12842df114051a64",
        "is_verified": false,
        "line_number": 342
      },
      {
        "type": "Base64 High Entropy String",
        "filename": "beright-escrow/pnpm-lock.yaml",
        "hashed_secret": "5c6f1612652c11273f6dc6ed43f6d3f39a8ee5b7",
        "is_verified": false,
        "line_number": 346
      },
      {
        "type": "Base64 High Entropy String",
        "filename": "beright-escrow/pnpm-lock.yaml",
        "hashed_secret": "242d62ec3b486c106b85c8bf0ca3758c943ed084",
        "is_verified": false,
        "line_number": 350
      },
      {
        "type": "Base64 High Entropy String",
        "filename": "beright-escrow/pnpm-lock.yaml",
        "hashed_secret": "82bb8edb4003308fc261a3cd2488be9862e99657",
        "is_verified": false,
        "line_number": 353
      },
      {
        "type": "Base64 High Entropy String",
        "filename": "beright-escrow/pnpm-lock.yaml",
        "hashed_secret": "41e520378cd188868d9d2d6408c080f6fd5b37c9",
        "is_verified": false,
        "line_number": 356
      },
      {
        "type": "Base64 High Entropy String",
        "filename": "beright-escrow/pnpm-lock.yaml",
        "hashed_secret": "cf09cb791688fe019284bfdc362abc41918645a5",
        "is_verified": false,
        "line_number": 360
      },
      {
        "type": "Base64 High Entropy String",
        "filename": "beright-escrow/pnpm-lock.yaml",
        "hashed_secret": "3c22fe71719555d5e4c508c724ee1c9a9728d8a1",
        "is_verified": false,
        "line_number": 363
      },
      {
        "type": "Base64 High Entropy String",
        "filename": "beright-escrow/pnpm-lock.yaml",
        "hashed_secret": "e9ce08fb0922eb7b6fd8078a79f948726b9b756e",
        "is_verified": false,
        "line_number": 367
      },
      {
        "type": "Base64 High Entropy String",
        "filename": "beright-escrow/pnpm-lock.yaml",
        "hashed_secret": "d5ec021cbb92c3486e38fac176f4f59a6c1d92e8",
        "is_verified": false,
        "line_number": 371
      },
      {
        "type": "Base64 High Entropy String",
        "filename": "beright-escrow/pnpm-lock.yaml",
        "hashed_secret": "0168f03d6f1748d5d7ae624a93f711333b69d01c",
        "is_verified": false,
        "line_number": 375
      },
      {
        "type": "Base64 High Entropy String",
        "filename": "beright-escrow/pnpm-lock.yaml",
        "hashed_secret": "8f95bdf43361cffe6720264f402b5636239f6367",
        "is_verified": false,
        "line_number": 379
      },
      {
        "type": "Base64 High Entropy String",
        "filename": "beright-escrow/pnpm-lock.yaml",
        "hashed_secret": "d81e2b3377c83097e87a9ee843ceca57e572239f",
        "is_verified": false,
        "line_number": 383
      },
      {
        "type": "Base64 High Entropy String",
        "filename": "beright-escrow/pnpm-lock.yaml",
        "hashed_secret": "339a5454990b92ebcdb27d46167833daac75e019",
        "is_verified": false,
        "line_number": 387
      },
      {
        "type": "Base64 High Entropy String",
        "filename": "beright-escrow/pnpm-lock.yaml",
        "hashed_secret": "4b7a928db1ca57d03fed72c338497fc50053f6e8",
        "is_verified": false,
        "line_number": 391
      },
      {
        "type": "Base64 High Entropy String",
        "filename": "beright-escrow/pnpm-lock.yaml",
        "hashed_secret": "b6b0d0f893fbabe7971a756935dde74367489c7b",
        "is_verified": false,
        "line_number": 396
      },
      {
        "type": "Base64 High Entropy String",
        "filename": "beright-escrow/pnpm-lock.yaml",
        "hashed_secret": "8da770913ab3fed8950b46c40172eb6b57af7f9d",
        "is_verified": false,
        "line_number": 401
      },
      {
        "type": "Base64 High Entropy String",
        "filename": "beright-escrow/pnpm-lock.yaml",
        "hashed_secret": "2d6eff8bdc8c458731e9a8773a60ef0c21ab32a1",
        "is_verified": false,
        "line_number": 405
      },
      {
        "type": "Base64 High Entropy String",
        "filename": "beright-escrow/pnpm-lock.yaml",
        "hashed_secret": "19c58a0b8719b838bac87d5ed9684beb1363ec06",
        "is_verified": false,
        "line_number": 408
      },
      {
        "type": "Base64 High Entropy String",
        "filename": "beright-escrow/pnpm-lock.yaml",
        "hashed_secret": "1c386996454f57fad765143b1a1393b4fd15dceb",
        "is_verified": false,
        "line_number": 412
      },
      {
        "type": "Base64 High Entropy String",
        "filename": "beright-escrow/pnpm-lock.yaml",
        "hashed_secret": "6a0e4db763e3a9068152154d0ca5185d412bb775",
        "is_verified": false,
        "line_number": 416
      },
      {
        "type": "Base64 High Entropy String",
        "filename": "beright-escrow/pnpm-lock.yaml",
        "hashed_secret": "53aafd416c38a5d98f490f3f1b169550c6c49c41",
        "is_verified": false,
        "line_number": 420
      },
      {
        "type": "Base64 High Entropy String",
        "filename": "beright-escrow/pnpm-lock.yaml",
        "hashed_secret": "cd662b440448baab7e093547626080b663ad57c5",
        "is_verified": false,
        "line_number": 423
      },
      {
        "type": "Base64 High Entropy String",
        "filename": "beright-escrow/pnpm-lock.yaml",
        "hashed_secret": "e0b29f8fa981496c2c730301aab62ecd8edc4ca9",
        "is_verified": false,
        "line_number": 426
      },
      {
        "type": "Base64 High Entropy String",
        "filename": "beright-escrow/pnpm-lock.yaml",
        "hashed_secret": "8ac8e759308be486fa9eb1fcadf99defd39eab96",
        "is_verified": false,
        "line_number": 430
      },
      {
        "type": "Base64 High Entropy String",
        "filename": "beright-escrow/pnpm-lock.yaml",
        "hashed_secret": "80680b81f6b3e3841084764eb5c2429e671a9b84",
        "is_verified": false,
        "line_number": 433
      },
      {
        "type": "Base64 High Entropy String",
        "filename": "beright-escrow/pnpm-lock.yaml",
        "hashed_secret": "fb5eb08316c9c21697f67ce7c170440c09cbd141",
        "is_verified": false,
        "line_number": 437
      },
      {
        "type": "Base64 High Entropy String",
        "filename": "beright-escrow/pnpm-lock.yaml",
        "hashed_secret": "805d9656080308c11cde7cb7f0310e12c7e60c48",
        "is_verified": false,
        "line_number": 442
      },
      {
        "type": "Base64 High Entropy String",
        "filename": "beright-escrow/pnpm-lock.yaml",
        "hashed_secret": "6f500dca9c29a5bd98e484b64f7a8c54d5956415",
        "is_verified": false,
        "line_number": 445
      },
      {
        "type": "Base64 High Entropy String",
        "filename": "beright-escrow/pnpm-lock.yaml",
        "hashed_secret": "13b31fb42a9f9f4e572d2860103a78ed1d06d265",
        "is_verified": false,
        "line_number": 454
      },
      {
        "type": "Base64 High Entropy String",
        "filename": "beright-escrow/pnpm-lock.yaml",
        "hashed_secret": "0a68e003e521d8b996e1c07b3b5b2664de31fa44",
        "is_verified": false,
        "line_number": 458
      },
      {
        "type": "Base64 High Entropy String",
        "filename": "beright-escrow/pnpm-lock.yaml",
        "hashed_secret": "38c97b06ca380ec6b537fb959634cd6042e47cea",
        "is_verified": false,
        "line_number": 462
      },
      {
        "type": "Base64 High Entropy String",
        "filename": "beright-escrow/pnpm-lock.yaml",
        "hashed_secret": "d69c03a6c481565a321e7b90776918eaad16e532",
        "is_verified": false,
        "line_number": 465
      },
      {
        "type": "Base64 High Entropy String",
        "filename": "beright-escrow/pnpm-lock.yaml",
        "hashed_secret": "316bf5ed09ed2d2511c54a3e60e047e26550c82c",
        "is_verified": false,
        "line_number": 469
      },
      {
        "type": "Base64 High Entropy String",
        "filename": "beright-escrow/pnpm-lock.yaml",
        "hashed_secret": "5e11fadb435d89cbff105f8a598ee0984d69f510",
        "is_verified": false,
        "line_number": 473
      },
      {
        "type": "Base64 High Entropy String",
        "filename": "beright-escrow/pnpm-lock.yaml",
        "hashed_secret": "533573708ed3eabce514432cd26d532218222659",
        "is_verified": false,
        "line_number": 476
      },
      {
        "type": "Base64 High Entropy String",
        "filename": "beright-escrow/pnpm-lock.yaml",
        "hashed_secret": "541394d9706b7aa3694e656452be70a861e98358",
        "is_verified": false,
        "line_number": 480
      },
      {
        "type": "Base64 High Entropy String",
        "filename": "beright-escrow/pnpm-lock.yaml",
        "hashed_secret": "1ac881fcbb09fad5c8b422aa517c10f8aae9c8b0",
        "is_verified": false,
        "line_number": 483
      },
      {
        "type": "Base64 High Entropy String",
        "filename": "beright-escrow/pnpm-lock.yaml",
        "hashed_secret": "27832a4c3b9c250cd745cc3ba72befdbc3d6d55a",
        "is_verified": false,
        "line_number": 487
      },
      {
        "type": "Base64 High Entropy String",
        "filename": "beright-escrow/pnpm-lock.yaml",
        "hashed_secret": "a215faa77ef3f0cca4574804353e1df8298bdd49",
        "is_verified": false,
        "line_number": 492
      },
      {
        "type": "Base64 High Entropy String",
        "filename": "beright-escrow/pnpm-lock.yaml",
        "hashed_secret": "9dff9e9fd2f6eeeb815eb9db94eff6248259ba16",
        "is_verified": false,
        "line_number": 495
      },
      {
        "type": "Base64 High Entropy String",
        "filename": "beright-escrow/pnpm-lock.yaml",
        "hashed_secret": "3c48660b66db6687c2ba1b7ffbac279614eead6e",
        "is_verified": false,
        "line_number": 499
      },
      {
        "type": "Base64 High Entropy String",
        "filename": "beright-escrow/pnpm-lock.yaml",
        "hashed_secret": "4b505a63df736bf74abddbf4a65b4cb8591781b4",
        "is_verified": false,
        "line_number": 503
      },
      {
        "type": "Base64 High Entropy String",
        "filename": "beright-escrow/pnpm-lock.yaml",
        "hashed_secret": "dab00d860d09dd9092b16718edd82bb24a6a21e9",
        "is_verified": false,
        "line_number": 506
      },
      {
        "type": "Base64 High Entropy String",
        "filename": "beright-escrow/pnpm-lock.yaml",
        "hashed_secret": "7abbd8754af2f0eabe1fc317c5d911bedd01e714",
        "is_verified": false,
        "line_number": 509
      },
      {
        "type": "Base64 High Entropy String",
        "filename": "beright-escrow/pnpm-lock.yaml",
        "hashed_secret": "c44c74adebc4e9832e4ef9dacc60f36520f7e919",
        "is_verified": false,
        "line_number": 512
      },
      {
        "type": "Base64 High Entropy String",
        "filename": "beright-escrow/pnpm-lock.yaml",
        "hashed_secret": "8db956011899a12e5f3cd3b6451ca77c5896f94d",
        "is_verified": false,
        "line_number": 515
      },
      {
        "type": "Base64 High Entropy String",
        "filename": "beright-escrow/pnpm-lock.yaml",
        "hashed_secret": "bfc272708c3e80f01cf42b142b29ebd1e0d208dd",
        "is_verified": false,
        "line_number": 519
      },
      {
        "type": "Base64 High Entropy String",
        "filename": "beright-escrow/pnpm-lock.yaml",
        "hashed_secret": "5fcf66d7d8de78c2c73c953b5f9ff3de26e26f11",
        "is_verified": false,
        "line_number": 522
      },
      {
        "type": "Base64 High Entropy String",
        "filename": "beright-escrow/pnpm-lock.yaml",
        "hashed_secret": "bdaf8b094715fef6fc9d26c411bc0f51e1f4d6bd",
        "is_verified": false,
        "line_number": 525
      },
      {
        "type": "Base64 High Entropy String",
        "filename": "beright-escrow/pnpm-lock.yaml",
        "hashed_secret": "4c8a960439864672cef22edf28a40c8a3749ed68",
        "is_verified": false,
        "line_number": 529
      },
      {
        "type": "Base64 High Entropy String",
        "filename": "beright-escrow/pnpm-lock.yaml",
        "hashed_secret": "222a341d618e024b519fac505d14764be7a4759e",
        "is_verified": false,
        "line_number": 533
      },
      {
        "type": "Base64 High Entropy String",
        "filename": "beright-escrow/pnpm-lock.yaml",
        "hashed_secret": "3e536139add3f70bf34712d57cf490dc9c631553",
        "is_verified": false,
        "line_number": 537
      },
      {
        "type": "Base64 High Entropy String",
        "filename": "beright-escrow/pnpm-lock.yaml",
        "hashed_secret": "5514d2c23ae8978d953626706a91de477035ea96",
        "is_verified": false,
        "line_number": 541
      },
      {
        "type": "Base64 High Entropy String",
        "filename": "beright-escrow/pnpm-lock.yaml",
        "hashed_secret": "0682e98dcd555d7284dda3e73e030a6c57d5209f",
        "is_verified": false,
        "line_number": 544
      },
      {
        "type": "Base64 High Entropy String",
        "filename": "beright-escrow/pnpm-lock.yaml",
        "hashed_secret": "69e4418b2ffb487c86b50465bb7a8dd539577c3f",
        "is_verified": false,
        "line_number": 548
      },
      {
        "type": "Base64 High Entropy String",
        "filename": "beright-escrow/pnpm-lock.yaml",
        "hashed_secret": "869a40b729083c41268e4ff73da71ad253b63821",
        "is_verified": false,
        "line_number": 552
      },
      {
        "type": "Base64 High Entropy String",
        "filename": "beright-escrow/pnpm-lock.yaml",
        "hashed_secret": "78c0b2e8465a873b46f71ba7ec385cc47b497125",
        "is_verified": false,
        "line_number": 556
      },
      {
        "type": "Base64 High Entropy String",
        "filename": "beright-escrow/pnpm-lock.yaml",
        "hashed_secret": "36a41bfa336a40f390233bcb3edba75b423c0ac5",
        "is_verified": false,
        "line_number": 559
      },
      {
        "type": "Base64 High Entropy String",
        "filename": "beright-escrow/pnpm-lock.yaml",
        "hashed_secret": "1732d65e7234fa2d8368a33240fb2599f7d50c79",
        "is_verified": false,
        "line_number": 563
      },
      {
        "type": "Base64 High Entropy String",
        "filename": "beright-escrow/pnpm-lock.yaml",
        "hashed_secret": "350c4e8947601c652821f48e263a070c013da8d6",
        "is_verified": false,
        "line_number": 566
      },
      {
        "type": "Base64 High Entropy String",
        "filename": "beright-escrow/pnpm-lock.yaml",
        "hashed_secret": "64f116494f6b61e44fccde4865ca9d1e11fb293d",
        "is_verified": false,
        "line_number": 569
      },
      {
        "type": "Base64 High Entropy String",
        "filename": "beright-escrow/pnpm-lock.yaml",
        "hashed_secret": "4edc6d189f90da2b6c327644f43d31678ccb5066",
        "is_verified": false,
        "line_number": 576
      },
      {
        "type": "Base64 High Entropy String",
        "filename": "beright-escrow/pnpm-lock.yaml",
        "hashed_secret": "ec1f3430f26039fd19bbf01916f4c7f24d92d9b8",
        "is_verified": false,
        "line_number": 581
      },
      {
        "type": "Base64 High Entropy String",
        "filename": "beright-escrow/pnpm-lock.yaml",
        "hashed_secret": "9bf200e3147a1d837839d6bf5b649716c1537cbb",
        "is_verified": false,
        "line_number": 584
      },
      {
        "type": "Base64 High Entropy String",
        "filename": "beright-escrow/pnpm-lock.yaml",
        "hashed_secret": "0a2bf81ec8947036768ec8d26bc123da94537e6b",
        "is_verified": false,
        "line_number": 587
      },
      {
        "type": "Base64 High Entropy String",
        "filename": "beright-escrow/pnpm-lock.yaml",
        "hashed_secret": "8239574b4263502316ae4af75858c8537b8f9dc2",
        "is_verified": false,
        "line_number": 591
      },
      {
        "type": "Base64 High Entropy String",
        "filename": "beright-escrow/pnpm-lock.yaml",
        "hashed_secret": "7c43a5a81cdfc2d174e64e7441e07b48f610be0e",
        "is_verified": false,
        "line_number": 596
      },
      {
        "type": "Base64 High Entropy String",
        "filename": "beright-escrow/pnpm-lock.yaml",
        "hashed_secret": "c8606847104f58b184c76e6b4acbfc96ecb4b850",
        "is_verified": false,
        "line_number": 599
      },
      {
        "type": "Base64 High Entropy String",
        "filename": "beright-escrow/pnpm-lock.yaml",
        "hashed_secret": "e9929bd50a5523f3ee0cf35a8fd80c06bc43cc50",
        "is_verified": false,
        "line_number": 603
      },
      {
        "type": "Base64 High Entropy String",
        "filename": "beright-escrow/pnpm-lock.yaml",
        "hashed_secret": "44c7ecfd47e1b85be18de43744314e6ab196b697",
        "is_verified": false,
        "line_number": 607
      },
      {
        "type": "Base64 High Entropy String",
        "filename": "beright-escrow/pnpm-lock.yaml",
        "hashed_secret": "af41cd39d3a3e2ffb29c5b6260c66515c837c136",
        "is_verified": false,
        "line_number": 611
      },
      {
        "type": "Base64 High Entropy String",
        "filename": "beright-escrow/pnpm-lock.yaml",
        "hashed_secret": "26f07fc119216391d41500902290cd716eafc308",
        "is_verified": false,
        "line_number": 614
      },
      {
        "type": "Base64 High Entropy String",
        "filename": "beright-escrow/pnpm-lock.yaml",
        "hashed_secret": "2812940b256983837d13fa07052a0e77033ef593",
        "is_verified": false,
        "line_number": 617
      },
      {
        "type": "Base64 High Entropy String",
        "filename": "beright-escrow/pnpm-lock.yaml",
        "hashed_secret": "47f61db9968d9147373f9919fb2d39f044af96d4",
        "is_verified": false,
        "line_number": 620
      },
      {
        "type": "Base64 High Entropy String",
        "filename": "beright-escrow/pnpm-lock.yaml",
        "hashed_secret": "c1a38efe10a08cb343b44ec85e4f991fa64e0dc8",
        "is_verified": false,
        "line_number": 624
      },
      {
        "type": "Base64 High Entropy String",
        "filename": "beright-escrow/pnpm-lock.yaml",
        "hashed_secret": "cf73743690c96b52e61a01c9c4b659b97abd3f78",
        "is_verified": false,
        "line_number": 627
      },
      {
        "type": "Base64 High Entropy String",
        "filename": "beright-escrow/pnpm-lock.yaml",
        "hashed_secret": "687e3303e4e4d4159d08eb9eaea6acaedd0cbb30",
        "is_verified": false,
        "line_number": 639
      },
      {
        "type": "Base64 High Entropy String",
        "filename": "beright-escrow/pnpm-lock.yaml",
        "hashed_secret": "fd979750316587a434d421119fe616d5325ac2fb",
        "is_verified": false,
        "line_number": 651
      },
      {
        "type": "Base64 High Entropy String",
        "filename": "beright-escrow/pnpm-lock.yaml",
        "hashed_secret": "870edf2e3d49cca58020ed671229678252aab029",
        "is_verified": false,
        "line_number": 655
      },
      {
        "type": "Base64 High Entropy String",
        "filename": "beright-escrow/pnpm-lock.yaml",
        "hashed_secret": "e42fda6642fe1668d29552f218bce4cfa2619ba0",
        "is_verified": false,
        "line_number": 659
      },
      {
        "type": "Base64 High Entropy String",
        "filename": "beright-escrow/pnpm-lock.yaml",
        "hashed_secret": "2e2f318d68a1eda1299228bc37e598ff282bd7b5",
        "is_verified": false,
        "line_number": 663
      },
      {
        "type": "Base64 High Entropy String",
        "filename": "beright-escrow/pnpm-lock.yaml",
        "hashed_secret": "c7c18bd1c83c8c284d2980722f1bfba9fd00210a",
        "is_verified": false,
        "line_number": 667
      },
      {
        "type": "Base64 High Entropy String",
        "filename": "beright-escrow/pnpm-lock.yaml",
        "hashed_secret": "bc001a988dc93a1d9f0b811c8b6f5ed71cd922e8",
        "is_verified": false,
        "line_number": 671
      }
    ],
    "beright-ts/agents/xdegen/index.ts": [
      {
        "type": "Base64 High Entropy String",
        "filename": "beright-ts/agents/xdegen/index.ts",
        "hashed_secret": "63aa764d95095db727b9c2b81c8f2a86de158333",
        "is_verified": false,
        "line_number": 54
      }
    ],
    "beright-ts/app/api/dflow/predictions/route.ts": [
      {
        "type": "Base64 High Entropy String",
        "filename": "beright-ts/app/api/dflow/predictions/route.ts",
        "hashed_secret": "9ab63c245e4f4eab13f776549a1c06e66914b275",
        "is_verified": false,
        "line_number": 101
      }
    ],
    "beright-ts/app/api/v2/calibration/route.ts": [
      {
        "type": "Base64 High Entropy String",
        "filename": "beright-ts/app/api/v2/calibration/route.ts",
        "hashed_secret": "4cce8054d17616af9c3dba47ed5fdb2568243d15",
        "is_verified": false,
        "line_number": 74
      },
      {
        "type": "Base64 High Entropy String",
        "filename": "beright-ts/app/api/v2/calibration/route.ts",
        "hashed_secret": "6b74dc7be027fe921b0dc6f2b3d8171ae567ec8c",
        "is_verified": false,
        "line_number": 484
      }
    ],
    "beright-ts/app/api/v2/conviction/projects/route.ts": [
      {
        "type": "Base64 High Entropy String",
        "filename": "beright-ts/app/api/v2/conviction/projects/route.ts",
        "hashed_secret": "3b3bb7e1111129a1765802195764712129a9edc1",
        "is_verified": false,
        "line_number": 177
      },
      {
        "type": "Base64 High Entropy String",
        "filename": "beright-ts/app/api/v2/conviction/projects/route.ts",
        "hashed_secret": "1b3c4005fd7152d6ab335022044b83a67d682094",
        "is_verified": false,
        "line_number": 192
      },
      {
        "type": "Base64 High Entropy String",
        "filename": "beright-ts/app/api/v2/conviction/projects/route.ts",
        "hashed_secret": "ab51c06791f168e6b25e641255c1cf09393d4c3c",
        "is_verified": false,
        "line_number": 207
      }
    ],
    "beright-ts/app/api/v2/delegation/pools/[poolId]/route.ts": [
      {
        "type": "Base64 High Entropy String",
        "filename": "beright-ts/app/api/v2/delegation/pools/[poolId]/route.ts",
        "hashed_secret": "9ab63c245e4f4eab13f776549a1c06e66914b275",
        "is_verified": false,
        "line_number": 19
      },
      {
        "type": "Base64 High Entropy String",
        "filename": "beright-ts/app/api/v2/delegation/pools/[poolId]/route.ts",
        "hashed_secret": "39328d91c9f63e4e89726a41634747a2b55fe9c0",
        "is_verified": false,
        "line_number": 20
      }
    ],
    "beright-ts/app/api/v2/forecast-pools/route.ts": [
      {
        "type": "Base64 High Entropy String",
        "filename": "beright-ts/app/api/v2/forecast-pools/route.ts",
        "hashed_secret": "4cce8054d17616af9c3dba47ed5fdb2568243d15",
        "is_verified": false,
        "line_number": 31
      },
      {
        "type": "Base64 High Entropy String",
        "filename": "beright-ts/app/api/v2/forecast-pools/route.ts",
        "hashed_secret": "6a9107d7cb60eda76332b54e322175bae9b0f4e7",
        "is_verified": false,
        "line_number": 50
      },
      {
        "type": "Base64 High Entropy String",
        "filename": "beright-ts/app/api/v2/forecast-pools/route.ts",
        "hashed_secret": "dfcb30870666e6f456777524794362e9bbea7866",
        "is_verified": false,
        "line_number": 69
      }
    ],
    "beright-ts/config/execution.ts": [
      {
        "type": "Base64 High Entropy String",
        "filename": "beright-ts/config/execution.ts",
        "hashed_secret": "e625d0b4d0e41eefc6219d6c1422957ed0576964",
        "is_verified": false,
        "line_number": 15
      },
      {
        "type": "Base64 High Entropy String",
        "filename": "beright-ts/config/execution.ts",
        "hashed_secret": "8816bdacd0f23263300992e3cc01ab85639e0cf2",
        "is_verified": false,
        "line_number": 16
      },
      {
        "type": "Base64 High Entropy String",
        "filename": "beright-ts/config/execution.ts",
        "hashed_secret": "229b960f78bea7d73910223e3777048c124f3360",
        "is_verified": false,
        "line_number": 17
      },
      {
        "type": "Base64 High Entropy String",
        "filename": "beright-ts/config/execution.ts",
        "hashed_secret": "03d63a7ebf56cac6375ef617eeb6eca2185c68ba",
        "is_verified": false,
        "line_number": 18
      },
      {
        "type": "Base64 High Entropy String",
        "filename": "beright-ts/config/execution.ts",
        "hashed_secret": "771507a6b26fe2e1ed279cc955e1025c148038f1",
        "is_verified": false,
        "line_number": 19
      },
      {
        "type": "Base64 High Entropy String",
        "filename": "beright-ts/config/execution.ts",
        "hashed_secret": "c97e259c404d561261f31f8faf1c50e9cfe7ccbe",
        "is_verified": false,
        "line_number": 20
      },
      {
        "type": "Base64 High Entropy String",
        "filename": "beright-ts/config/execution.ts",
        "hashed_secret": "0d6274a9e31ebcbc1e8fa7feb88bf96a429f619a",
        "is_verified": false,
        "line_number": 21
      },
      {
        "type": "Base64 High Entropy String",
        "filename": "beright-ts/config/execution.ts",
        "hashed_secret": "55768fded97910cc81801b77498fcb045b695d09",
        "is_verified": false,
        "line_number": 22
      },
      {
        "type": "Base64 High Entropy String",
        "filename": "beright-ts/config/execution.ts",
        "hashed_secret": "9ab63c245e4f4eab13f776549a1c06e66914b275",
        "is_verified": false,
        "line_number": 206
      },
      {
        "type": "Base64 High Entropy String",
        "filename": "beright-ts/config/execution.ts",
        "hashed_secret": "5406d55fc28875e1175dd3fdaaa72e5b78180f96",
        "is_verified": false,
        "line_number": 208
      }
    ],
    "beright-ts/config/platforms.ts": [
      {
        "type": "Base64 High Entropy String",
        "filename": "beright-ts/config/platforms.ts",
        "hashed_secret": "9ab63c245e4f4eab13f776549a1c06e66914b275",
        "is_verified": false,
        "line_number": 85
      }
    ],
    "beright-ts/docs/YIELD_LAYER_IMPLEMENTATION.md": [
      {
        "type": "Base64 High Entropy String",
        "filename": "beright-ts/docs/YIELD_LAYER_IMPLEMENTATION.md",
        "hashed_secret": "b14dbbe237e9b79961d160e3dc4a53c68ce84db3",
        "is_verified": false,
        "line_number": 146
      },
      {
        "type": "Base64 High Entropy String",
        "filename": "beright-ts/docs/YIELD_LAYER_IMPLEMENTATION.md",
        "hashed_secret": "fb29a190da637633cc63e2caa757885e77a39a7b",
        "is_verified": false,
        "line_number": 147
      },
      {
        "type": "Base64 High Entropy String",
        "filename": "beright-ts/docs/YIELD_LAYER_IMPLEMENTATION.md",
        "hashed_secret": "d69dede2bfe1f83b1d29dc98b635204e6339c2d3",
        "is_verified": false,
        "line_number": 150
      },
      {
        "type": "Base64 High Entropy String",
        "filename": "beright-ts/docs/YIELD_LAYER_IMPLEMENTATION.md",
        "hashed_secret": "c21f89e4fb9ac3c985e9972bc5114ee641b66304",
        "is_verified": false,
        "line_number": 151
      },
      {
        "type": "Base64 High Entropy String",
        "filename": "beright-ts/docs/YIELD_LAYER_IMPLEMENTATION.md",
        "hashed_secret": "9ab63c245e4f4eab13f776549a1c06e66914b275",
        "is_verified": false,
        "line_number": 155
      }
    ],
    "beright-ts/lib/calibration/index.ts": [
      {
        "type": "Base64 High Entropy String",
        "filename": "beright-ts/lib/calibration/index.ts",
        "hashed_secret": "6b74dc7be027fe921b0dc6f2b3d8171ae567ec8c",
        "is_verified": false,
        "line_number": 26
      }
    ],
    "beright-ts/lib/conviction/escrow.ts": [
      {
        "type": "Base64 High Entropy String",
        "filename": "beright-ts/lib/conviction/escrow.ts",
        "hashed_secret": "15cef2f2649de07b89ffd870145695c9ddf22545",
        "is_verified": false,
        "line_number": 25
      }
    ],
    "beright-ts/lib/demo/mockConfirmations.ts": [
      {
        "type": "Base64 High Entropy String",
        "filename": "beright-ts/lib/demo/mockConfirmations.ts",
        "hashed_secret": "1fbf29f4d01704e52025ffc9a6d73b5241be9e10",
        "is_verified": false,
        "line_number": 68
      }
    ],
    "beright-ts/lib/dflow.ts": [
      {
        "type": "Base64 High Entropy String",
        "filename": "beright-ts/lib/dflow.ts",
        "hashed_secret": "9ab63c245e4f4eab13f776549a1c06e66914b275",
        "is_verified": false,
        "line_number": 30
      }
    ],
    "beright-ts/lib/dflow/jupiter.ts": [
      {
        "type": "Base64 High Entropy String",
        "filename": "beright-ts/lib/dflow/jupiter.ts",
        "hashed_secret": "e625d0b4d0e41eefc6219d6c1422957ed0576964",
        "is_verified": false,
        "line_number": 36
      },
      {
        "type": "Base64 High Entropy String",
        "filename": "beright-ts/lib/dflow/jupiter.ts",
        "hashed_secret": "8816bdacd0f23263300992e3cc01ab85639e0cf2",
        "is_verified": false,
        "line_number": 37
      },
      {
        "type": "Base64 High Entropy String",
        "filename": "beright-ts/lib/dflow/jupiter.ts",
        "hashed_secret": "229b960f78bea7d73910223e3777048c124f3360",
        "is_verified": false,
        "line_number": 38
      },
      {
        "type": "Base64 High Entropy String",
        "filename": "beright-ts/lib/dflow/jupiter.ts",
        "hashed_secret": "03d63a7ebf56cac6375ef617eeb6eca2185c68ba",
        "is_verified": false,
        "line_number": 39
      },
      {
        "type": "Base64 High Entropy String",
        "filename": "beright-ts/lib/dflow/jupiter.ts",
        "hashed_secret": "771507a6b26fe2e1ed279cc955e1025c148038f1",
        "is_verified": false,
        "line_number": 40
      },
      {
        "type": "Base64 High Entropy String",
        "filename": "beright-ts/lib/dflow/jupiter.ts",
        "hashed_secret": "c97e259c404d561261f31f8faf1c50e9cfe7ccbe",
        "is_verified": false,
        "line_number": 41
      },
      {
        "type": "Base64 High Entropy String",
        "filename": "beright-ts/lib/dflow/jupiter.ts",
        "hashed_secret": "0d6274a9e31ebcbc1e8fa7feb88bf96a429f619a",
        "is_verified": false,
        "line_number": 42
      },
      {
        "type": "Base64 High Entropy String",
        "filename": "beright-ts/lib/dflow/jupiter.ts",
        "hashed_secret": "55768fded97910cc81801b77498fcb045b695d09",
        "is_verified": false,
        "line_number": 43
      },
      {
        "type": "Base64 High Entropy String",
        "filename": "beright-ts/lib/dflow/jupiter.ts",
        "hashed_secret": "9ab63c245e4f4eab13f776549a1c06e66914b275",
        "is_verified": false,
        "line_number": 47
      }
    ],
    "beright-ts/lib/dflow/wallet.ts": [
      {
        "type": "Base64 High Entropy String",
        "filename": "beright-ts/lib/dflow/wallet.ts",
        "hashed_secret": "9ab63c245e4f4eab13f776549a1c06e66914b275",
        "is_verified": false,
        "line_number": 31
      }
    ],
    "beright-ts/lib/execution/fastTransaction.ts": [
      {
        "type": "Base64 High Entropy String",
        "filename": "beright-ts/lib/execution/fastTransaction.ts",
        "hashed_secret": "e625d0b4d0e41eefc6219d6c1422957ed0576964",
        "is_verified": false,
        "line_number": 290
      },
      {
        "type": "Base64 High Entropy String",
        "filename": "beright-ts/lib/execution/fastTransaction.ts",
        "hashed_secret": "8816bdacd0f23263300992e3cc01ab85639e0cf2",
        "is_verified": false,
        "line_number": 291
      },
      {
        "type": "Base64 High Entropy String",
        "filename": "beright-ts/lib/execution/fastTransaction.ts",
        "hashed_secret": "229b960f78bea7d73910223e3777048c124f3360",
        "is_verified": false,
        "line_number": 292
      },
      {
        "type": "Base64 High Entropy String",
        "filename": "beright-ts/lib/execution/fastTransaction.ts",
        "hashed_secret": "03d63a7ebf56cac6375ef617eeb6eca2185c68ba",
        "is_verified": false,
        "line_number": 293
      },
      {
        "type": "Base64 High Entropy String",
        "filename": "beright-ts/lib/execution/fastTransaction.ts",
        "hashed_secret": "771507a6b26fe2e1ed279cc955e1025c148038f1",
        "is_verified": false,
        "line_number": 294
      },
      {
        "type": "Base64 High Entropy String",
        "filename": "beright-ts/lib/execution/fastTransaction.ts",
        "hashed_secret": "c97e259c404d561261f31f8faf1c50e9cfe7ccbe",
        "is_verified": false,
        "line_number": 295
      },
      {
        "type": "Base64 High Entropy String",
        "filename": "beright-ts/lib/execution/fastTransaction.ts",
        "hashed_secret": "0d6274a9e31ebcbc1e8fa7feb88bf96a429f619a",
        "is_verified": false,
        "line_number": 296
      },
      {
        "type": "Base64 High Entropy String",
        "filename": "beright-ts/lib/execution/fastTransaction.ts",
        "hashed_secret": "55768fded97910cc81801b77498fcb045b695d09",
        "is_verified": false,
        "line_number": 297
      }
    ],
    "beright-ts/lib/kalshi.ts": [
      {
        "type": "Private Key",
        "filename": "beright-ts/lib/kalshi.ts",
        "hashed_secret": "be4fc4886bd949b369d5e092eb87494f12e57e5b",
        "is_verified": false,
        "line_number": 952
      }
    ],
    "beright-ts/lib/onchain-vault/beright_vault.idl.json": [
      {
        "type": "Base64 High Entropy String",
        "filename": "beright-ts/lib/onchain-vault/beright_vault.idl.json",
        "hashed_secret": "ffa3de487702880e63c1a3f2d5ff0664109e0f41",
        "is_verified": false,
        "line_number": 2
      },
      {
        "type": "Base64 High Entropy String",
        "filename": "beright-ts/lib/onchain-vault/beright_vault.idl.json",
        "hashed_secret": "2db5b3e914e61432025fb23623a47135ff85afd5",
        "is_verified": false,
        "line_number": 363
      },
      {
        "type": "Base64 High Entropy String",
        "filename": "beright-ts/lib/onchain-vault/beright_vault.idl.json",
        "hashed_secret": "111d15d92a25733d2aec35cdc548b45600803fa6",
        "is_verified": false,
        "line_number": 367
      }
    ],
    "beright-ts/lib/onchain/calibration-idl.json": [
      {
        "type": "Base64 High Entropy String",
        "filename": "beright-ts/lib/onchain/calibration-idl.json",
        "hashed_secret": "6b74dc7be027fe921b0dc6f2b3d8171ae567ec8c",
        "is_verified": false,
        "line_number": 2
      }
    ],
    "beright-ts/lib/orchestrator/handlers/leaderboard.ts": [
      {
        "type": "Base64 High Entropy String",
        "filename": "beright-ts/lib/orchestrator/handlers/leaderboard.ts",
        "hashed_secret": "4cce8054d17616af9c3dba47ed5fdb2568243d15",
        "is_verified": false,
        "line_number": 121
      }
    ],
    "beright-ts/lib/orchestrator/handlers/swap.ts": [
      {
        "type": "Base64 High Entropy String",
        "filename": "beright-ts/lib/orchestrator/handlers/swap.ts",
        "hashed_secret": "9ab63c245e4f4eab13f776549a1c06e66914b275",
        "is_verified": false,
        "line_number": 53
      },
      {
        "type": "Base64 High Entropy String",
        "filename": "beright-ts/lib/orchestrator/handlers/swap.ts",
        "hashed_secret": "5406d55fc28875e1175dd3fdaaa72e5b78180f96",
        "is_verified": false,
        "line_number": 54
      },
      {
        "type": "Base64 High Entropy String",
        "filename": "beright-ts/lib/orchestrator/handlers/swap.ts",
        "hashed_secret": "d54bf9a14eb44e8b80cae5fe3cb86b297af8a6ad",
        "is_verified": false,
        "line_number": 55
      }
    ],
    "beright-ts/lib/security.ts": [
      {
        "type": "Private Key",
        "filename": "beright-ts/lib/security.ts",
        "hashed_secret": "be4fc4886bd949b369d5e092eb87494f12e57e5b",
        "is_verified": false,
        "line_number": 304
      },
      {
        "type": "Private Key",
        "filename": "beright-ts/lib/security.ts",
        "hashed_secret": "f0778f3e140a61d5bbbed5430773e52af2f5fba4",
        "is_verified": false,
        "line_number": 305
      }
    ],
    "beright-ts/lib/staking/dlmm/types.ts": [
      {
        "type": "Base64 High Entropy String",
        "filename": "beright-ts/lib/staking/dlmm/types.ts",
        "hashed_secret": "d69dede2bfe1f83b1d29dc98b635204e6339c2d3",
        "is_verified": false,
        "line_number": 10
      }
    ],
    "beright-ts/lib/staking/drift/types.ts": [
      {
        "type": "Base64 High Entropy String",
        "filename": "beright-ts/lib/staking/drift/types.ts",
        "hashed_secret": "b9740a78ba68f1aa6928be1008e10326bdc51352",
        "is_verified": false,
        "line_number": 10
      }
    ],
    "beright-ts/lib/staking/forecast-pool/anchor-client.ts": [
      {
        "type": "Base64 High Entropy String",
        "filename": "beright-ts/lib/staking/forecast-pool/anchor-client.ts",
        "hashed_secret": "39328d91c9f63e4e89726a41634747a2b55fe9c0",
        "is_verified": false,
        "line_number": 40
      },
      {
        "type": "Base64 High Entropy String",
        "filename": "beright-ts/lib/staking/forecast-pool/anchor-client.ts",
        "hashed_secret": "9ab63c245e4f4eab13f776549a1c06e66914b275",
        "is_verified": false,
        "line_number": 41
      }
    ],
    "beright-ts/lib/staking/forecast-pool/client.ts": [
      {
        "type": "Base64 High Entropy String",
        "filename": "beright-ts/lib/staking/forecast-pool/client.ts",
        "hashed_secret": "39328d91c9f63e4e89726a41634747a2b55fe9c0",
        "is_verified": false,
        "line_number": 58
      },
      {
        "type": "Base64 High Entropy String",
        "filename": "beright-ts/lib/staking/forecast-pool/client.ts",
        "hashed_secret": "9ab63c245e4f4eab13f776549a1c06e66914b275",
        "is_verified": false,
        "line_number": 59
      }
    ],
    "beright-ts/lib/staking/forecast-pool/idl.json": [
      {
        "type": "Base64 High Entropy String",
        "filename": "beright-ts/lib/staking/forecast-pool/idl.json",
        "hashed_secret": "d267e35ea1928f849c341db2570fb6be56d79c07",
        "is_verified": false,
        "line_number": 2
      },
      {
        "type": "Base64 High Entropy String",
        "filename": "beright-ts/lib/staking/forecast-pool/idl.json",
        "hashed_secret": "d69dede2bfe1f83b1d29dc98b635204e6339c2d3",
        "is_verified": false,
        "line_number": 172
      },
      {
        "type": "Base64 High Entropy String",
        "filename": "beright-ts/lib/staking/forecast-pool/idl.json",
        "hashed_secret": "2db5b3e914e61432025fb23623a47135ff85afd5",
        "is_verified": false,
        "line_number": 176
      },
      {
        "type": "Base64 High Entropy String",
        "filename": "beright-ts/lib/staking/forecast-pool/idl.json",
        "hashed_secret": "b9740a78ba68f1aa6928be1008e10326bdc51352",
        "is_verified": false,
        "line_number": 1052
      },
      {
        "type": "Base64 High Entropy String",
        "filename": "beright-ts/lib/staking/forecast-pool/idl.json",
        "hashed_secret": "111d15d92a25733d2aec35cdc548b45600803fa6",
        "is_verified": false,
        "line_number": 2098
      },
      {
        "type": "Base64 High Entropy String",
        "filename": "beright-ts/lib/staking/forecast-pool/idl.json",
        "hashed_secret": "deb006a7a40bfbb16124b64bfdcabcdc16ad74bf",
        "is_verified": false,
        "line_number": 2332
      }
    ],
    "beright-ts/lib/staking/idl/staking_pool.json": [
      {
        "type": "Base64 High Entropy String",
        "filename": "beright-ts/lib/staking/idl/staking_pool.json",
        "hashed_secret": "d267e35ea1928f849c341db2570fb6be56d79c07",
        "is_verified": false,
        "line_number": 2
      },
      {
        "type": "Base64 High Entropy String",
        "filename": "beright-ts/lib/staking/idl/staking_pool.json",
        "hashed_secret": "d69dede2bfe1f83b1d29dc98b635204e6339c2d3",
        "is_verified": false,
        "line_number": 172
      },
      {
        "type": "Base64 High Entropy String",
        "filename": "beright-ts/lib/staking/idl/staking_pool.json",
        "hashed_secret": "2db5b3e914e61432025fb23623a47135ff85afd5",
        "is_verified": false,
        "line_number": 176
      },
      {
        "type": "Base64 High Entropy String",
        "filename": "beright-ts/lib/staking/idl/staking_pool.json",
        "hashed_secret": "b9740a78ba68f1aa6928be1008e10326bdc51352",
        "is_verified": false,
        "line_number": 1013
      },
      {
        "type": "Base64 High Entropy String",
        "filename": "beright-ts/lib/staking/idl/staking_pool.json",
        "hashed_secret": "111d15d92a25733d2aec35cdc548b45600803fa6",
        "is_verified": false,
        "line_number": 1839
      },
      {
        "type": "Base64 High Entropy String",
        "filename": "beright-ts/lib/staking/idl/staking_pool.json",
        "hashed_secret": "deb006a7a40bfbb16124b64bfdcabcdc16ad74bf",
        "is_verified": false,
        "line_number": 2073
      }
    ],
    "beright-ts/lib/staking/index.ts": [
      {
        "type": "Base64 High Entropy String",
        "filename": "beright-ts/lib/staking/index.ts",
        "hashed_secret": "d267e35ea1928f849c341db2570fb6be56d79c07",
        "is_verified": false,
        "line_number": 10
      }
    ],
    "beright-ts/lib/staking/meteora-cpi/types.ts": [
      {
        "type": "Base64 High Entropy String",
        "filename": "beright-ts/lib/staking/meteora-cpi/types.ts",
        "hashed_secret": "deb006a7a40bfbb16124b64bfdcabcdc16ad74bf",
        "is_verified": false,
        "line_number": 10
      }
    ],
    "beright-ts/lib/yield/meteora/vaults.ts": [
      {
        "type": "Base64 High Entropy String",
        "filename": "beright-ts/lib/yield/meteora/vaults.ts",
        "hashed_secret": "deb006a7a40bfbb16124b64bfdcabcdc16ad74bf",
        "is_verified": false,
        "line_number": 23
      },
      {
        "type": "Base64 High Entropy String",
        "filename": "beright-ts/lib/yield/meteora/vaults.ts",
        "hashed_secret": "0913d172efc973b61e99561f17c6d651af6d1773",
        "is_verified": false,
        "line_number": 31
      },
      {
        "type": "Base64 High Entropy String",
        "filename": "beright-ts/lib/yield/meteora/vaults.ts",
        "hashed_secret": "e2d9566f8a5d1d9138bbdac6fabcb5e15f0c9350",
        "is_verified": false,
        "line_number": 38
      },
      {
        "type": "Base64 High Entropy String",
        "filename": "beright-ts/lib/yield/meteora/vaults.ts",
        "hashed_secret": "9ab63c245e4f4eab13f776549a1c06e66914b275",
        "is_verified": false,
        "line_number": 56
      },
      {
        "type": "Base64 High Entropy String",
        "filename": "beright-ts/lib/yield/meteora/vaults.ts",
        "hashed_secret": "5406d55fc28875e1175dd3fdaaa72e5b78180f96",
        "is_verified": false,
        "line_number": 58
      },
      {
        "type": "Base64 High Entropy String",
        "filename": "beright-ts/lib/yield/meteora/vaults.ts",
        "hashed_secret": "39328d91c9f63e4e89726a41634747a2b55fe9c0",
        "is_verified": false,
        "line_number": 62
      },
      {
        "type": "Base64 High Entropy String",
        "filename": "beright-ts/lib/yield/meteora/vaults.ts",
        "hashed_secret": "68e15c6eca7fb1c6b1133da8caecebd0ffcae3bd",
        "is_verified": false,
        "line_number": 64
      },
      {
        "type": "Base64 High Entropy String",
        "filename": "beright-ts/lib/yield/meteora/vaults.ts",
        "hashed_secret": "9a029dba779d729f774057fb5f611ee4c58a6848",
        "is_verified": false,
        "line_number": 109
      },
      {
        "type": "Base64 High Entropy String",
        "filename": "beright-ts/lib/yield/meteora/vaults.ts",
        "hashed_secret": "4f08d3d19ab21e91c255ce431574293593421cbf",
        "is_verified": false,
        "line_number": 110
      },
      {
        "type": "Base64 High Entropy String",
        "filename": "beright-ts/lib/yield/meteora/vaults.ts",
        "hashed_secret": "4f30e54652a9eff413e3ae765193fb50dfcdb91c",
        "is_verified": false,
        "line_number": 111
      }
    ],
    "beright-ts/scripts/test-builder-code.ts": [
      {
        "type": "Base64 High Entropy String",
        "filename": "beright-ts/scripts/test-builder-code.ts",
        "hashed_secret": "01f04c003b67f4c135f1fb16d24cbc95fcfdf9c0",
        "is_verified": false,
        "line_number": 24
      }
    ],
    "beright-ts/skills/agentPoster.ts": [
      {
        "type": "Hex High Entropy String",
        "filename": "beright-ts/skills/agentPoster.ts",
        "hashed_secret": "b4b657c96571b5687972a8102339ee00a1eaa784",
        "is_verified": false,
        "line_number": 63
      }
    ],
    "beright-ts/skills/colosseumAgent.ts": [
      {
        "type": "Hex High Entropy String",
        "filename": "beright-ts/skills/colosseumAgent.ts",
        "hashed_secret": "b4b657c96571b5687972a8102339ee00a1eaa784",
        "is_verified": false,
        "line_number": 21
      }
    ],
    "beright-ts/skills/prices.ts": [
      {
        "type": "Base64 High Entropy String",
        "filename": "beright-ts/skills/prices.ts",
        "hashed_secret": "d54bf9a14eb44e8b80cae5fe3cb86b297af8a6ad",
        "is_verified": false,
        "line_number": 39
      },
      {
        "type": "Base64 High Entropy String",
        "filename": "beright-ts/skills/prices.ts",
        "hashed_secret": "ab51c06791f168e6b25e641255c1cf09393d4c3c",
        "is_verified": false,
        "line_number": 40
      },
      {
        "type": "Base64 High Entropy String",
        "filename": "beright-ts/skills/prices.ts",
        "hashed_secret": "d2f031d733876f4b115b64446a8f54435b950f27",
        "is_verified": false,
        "line_number": 41
      },
      {
        "type": "Base64 High Entropy String",
        "filename": "beright-ts/skills/prices.ts",
        "hashed_secret": "1cad33aae18aa53e2e3b4714b6a6d60dd342bc12",
        "is_verified": false,
        "line_number": 42
      }
    ],
    "beright-ts/skills/solana-trader/scripts/monitor.js": [
      {
        "type": "Base64 High Entropy String",
        "filename": "beright-ts/skills/solana-trader/scripts/monitor.js",
        "hashed_secret": "9ab63c245e4f4eab13f776549a1c06e66914b275",
        "is_verified": false,
        "line_number": 39
      }
    ],
    "beright-ts/skills/swap.ts": [
      {
        "type": "Base64 High Entropy String",
        "filename": "beright-ts/skills/swap.ts",
        "hashed_secret": "9ab63c245e4f4eab13f776549a1c06e66914b275",
        "is_verified": false,
        "line_number": 19
      },
      {
        "type": "Base64 High Entropy String",
        "filename": "beright-ts/skills/swap.ts",
        "hashed_secret": "5406d55fc28875e1175dd3fdaaa72e5b78180f96",
        "is_verified": false,
        "line_number": 20
      },
      {
        "type": "Base64 High Entropy String",
        "filename": "beright-ts/skills/swap.ts",
        "hashed_secret": "d54bf9a14eb44e8b80cae5fe3cb86b297af8a6ad",
        "is_verified": false,
        "line_number": 21
      },
      {
        "type": "Base64 High Entropy String",
        "filename": "beright-ts/skills/swap.ts",
        "hashed_secret": "ab51c06791f168e6b25e641255c1cf09393d4c3c",
        "is_verified": false,
        "line_number": 22
      },
      {
        "type": "Base64 High Entropy String",
        "filename": "beright-ts/skills/swap.ts",
        "hashed_secret": "d2f031d733876f4b115b64446a8f54435b950f27",
        "is_verified": false,
        "line_number": 23
      },
      {
        "type": "Base64 High Entropy String",
        "filename": "beright-ts/skills/swap.ts",
        "hashed_secret": "1cad33aae18aa53e2e3b4714b6a6d60dd342bc12",
        "is_verified": false,
        "line_number": 24
      }
    ],
    "beright-ts/skills/trade.ts": [
      {
        "type": "Base64 High Entropy String",
        "filename": "beright-ts/skills/trade.ts",
        "hashed_secret": "9ab63c245e4f4eab13f776549a1c06e66914b275",
        "is_verified": false,
        "line_number": 24
      }
    ],
    "beright-vault/Anchor.toml": [
      {
        "type": "Base64 High Entropy String",
        "filename": "beright-vault/Anchor.toml",
        "hashed_secret": "ffa3de487702880e63c1a3f2d5ff0664109e0f41",
        "is_verified": false,
        "line_number": 10
      }
    ],
    "beright-vault/app/constants.ts": [
      {
        "type": "Base64 High Entropy String",
        "filename": "beright-vault/app/constants.ts",
        "hashed_secret": "3b3bb7e1111129a1765802195764712129a9edc1",
        "is_verified": false,
        "line_number": 7
      },
      {
        "type": "Base64 High Entropy String",
        "filename": "beright-vault/app/constants.ts",
        "hashed_secret": "39328d91c9f63e4e89726a41634747a2b55fe9c0",
        "is_verified": false,
        "line_number": 18
      },
      {
        "type": "Base64 High Entropy String",
        "filename": "beright-vault/app/constants.ts",
        "hashed_secret": "9ab63c245e4f4eab13f776549a1c06e66914b275",
        "is_verified": false,
        "line_number": 19
      }
    ],
    "beright-vault/programs/beright-vault/src/lib.rs": [
      {
        "type": "Base64 High Entropy String",
        "filename": "beright-vault/programs/beright-vault/src/lib.rs",
        "hashed_secret": "3b3bb7e1111129a1765802195764712129a9edc1",
        "is_verified": false,
        "line_number": 32
      }
    ],
    "berightweb/src/app/api/ranger/route.ts": [
      {
        "type": "Base64 High Entropy String",
        "filename": "berightweb/src/app/api/ranger/route.ts",
        "hashed_secret": "9ab63c245e4f4eab13f776549a1c06e66914b275",
        "is_verified": false,
        "line_number": 155
      }
    ],
    "berightweb/src/app/vault/page.tsx": [
      {
        "type": "Base64 High Entropy String",
        "filename": "berightweb/src/app/vault/page.tsx",
        "hashed_secret": "ffa3de487702880e63c1a3f2d5ff0664109e0f41",
        "is_verified": false,
        "line_number": 464
      }
    ],
    "berightweb/src/hooks/useDFlowTrading.ts": [
      {
        "type": "Base64 High Entropy String",
        "filename": "berightweb/src/hooks/useDFlowTrading.ts",
        "hashed_secret": "9ab63c245e4f4eab13f776549a1c06e66914b275",
        "is_verified": false,
        "line_number": 14
      },
      {
        "type": "Base64 High Entropy String",
        "filename": "berightweb/src/hooks/useDFlowTrading.ts",
        "hashed_secret": "39328d91c9f63e4e89726a41634747a2b55fe9c0",
        "is_verified": false,
        "line_number": 17
      }
    ],
    "berightweb/src/hooks/useWalletBalance.ts": [
      {
        "type": "Base64 High Entropy String",
        "filename": "berightweb/src/hooks/useWalletBalance.ts",
        "hashed_secret": "9ab63c245e4f4eab13f776549a1c06e66914b275",
        "is_verified": false,
        "line_number": 9
      },
      {
        "type": "Base64 High Entropy String",
        "filename": "berightweb/src/hooks/useWalletBalance.ts",
        "hashed_secret": "39328d91c9f63e4e89726a41634747a2b55fe9c0",
        "is_verified": false,
        "line_number": 10
      },
      {
        "type": "Base64 High Entropy String",
        "filename": "berightweb/src/hooks/useWalletBalance.ts",
        "hashed_secret": "64487263c01e140c5b0c4dd41f904be22b8b49ab",
        "is_verified": false,
        "line_number": 11
      },
      {
        "type": "Base64 High Entropy String",
        "filename": "berightweb/src/hooks/useWalletBalance.ts",
        "hashed_secret": "2db5b3e914e61432025fb23623a47135ff85afd5",
        "is_verified": false,
        "line_number": 66
      }
    ],
    "berightweb/src/lib/beright_vault.idl.json": [
      {
        "type": "Base64 High Entropy String",
        "filename": "berightweb/src/lib/beright_vault.idl.json",
        "hashed_secret": "ffa3de487702880e63c1a3f2d5ff0664109e0f41",
        "is_verified": false,
        "line_number": 2
      },
      {
        "type": "Base64 High Entropy String",
        "filename": "berightweb/src/lib/beright_vault.idl.json",
        "hashed_secret": "2db5b3e914e61432025fb23623a47135ff85afd5",
        "is_verified": false,
        "line_number": 363
      },
      {
        "type": "Base64 High Entropy String",
        "filename": "berightweb/src/lib/beright_vault.idl.json",
        "hashed_secret": "111d15d92a25733d2aec35cdc548b45600803fa6",
        "is_verified": false,
        "line_number": 367
      }
    ],
    "berightweb/src/lib/referral.ts": [
      {
        "type": "Base64 High Entropy String",
        "filename": "berightweb/src/lib/referral.ts",
        "hashed_secret": "f8c6f1ff98c5ee78c27d34a3ca68f35ad79847af",
        "is_verified": false,
        "line_number": 15
      }
    ],
    "calibration-program/Anchor.toml": [
      {
        "type": "Base64 High Entropy String",
        "filename": "calibration-program/Anchor.toml",
        "hashed_secret": "6b74dc7be027fe921b0dc6f2b3d8171ae567ec8c",
        "is_verified": false,
        "line_number": 10
      },
      {
        "type": "Base64 High Entropy String",
        "filename": "calibration-program/Anchor.toml",
        "hashed_secret": "b4517664124af2b5e4401e2ba89b578fc30944aa",
        "is_verified": false,
        "line_number": 35
      }
    ],
    "calibration-program/app/client.ts": [
      {
        "type": "Base64 High Entropy String",
        "filename": "calibration-program/app/client.ts",
        "hashed_secret": "6b74dc7be027fe921b0dc6f2b3d8171ae567ec8c",
        "is_verified": false,
        "line_number": 13
      },
      {
        "type": "Base64 High Entropy String",
        "filename": "calibration-program/app/client.ts",
        "hashed_secret": "934f50bd13649c0c8c535bf791c70cd4e2635672",
        "is_verified": false,
        "line_number": 269
      },
      {
        "type": "Base64 High Entropy String",
        "filename": "calibration-program/app/client.ts",
        "hashed_secret": "14374838a54e14e61f675712d8da1349796c52bf",
        "is_verified": false,
        "line_number": 276
      }
    ],
    "calibration-program/tests/calibration.ts": [
      {
        "type": "Base64 High Entropy String",
        "filename": "calibration-program/tests/calibration.ts",
        "hashed_secret": "934f50bd13649c0c8c535bf791c70cd4e2635672",
        "is_verified": false,
        "line_number": 278
      },
      {
        "type": "Base64 High Entropy String",
        "filename": "calibration-program/tests/calibration.ts",
        "hashed_secret": "14374838a54e14e61f675712d8da1349796c52bf",
        "is_verified": false,
        "line_number": 281
      }
    ],
    "docs/RANGER_VOLTR_RESEARCH.md": [
      {
        "type": "Base64 High Entropy String",
        "filename": "docs/RANGER_VOLTR_RESEARCH.md",
        "hashed_secret": "8b737368bb27f8a723c8d57878b30205fc753044",
        "is_verified": false,
        "line_number": 89
      }
    ],
    "staking-pool/Anchor.toml": [
      {
        "type": "Base64 High Entropy String",
        "filename": "staking-pool/Anchor.toml",
        "hashed_secret": "d267e35ea1928f849c341db2570fb6be56d79c07",
        "is_verified": false,
        "line_number": 10
      }
    ],
    "staking-pool/programs/staking-pool/src/instructions/meteora/mod.rs": [
      {
        "type": "Base64 High Entropy String",
        "filename": "staking-pool/programs/staking-pool/src/instructions/meteora/mod.rs",
        "hashed_secret": "deb006a7a40bfbb16124b64bfdcabcdc16ad74bf",
        "is_verified": false,
        "line_number": 15
      }
    ]
  },
  "generated_at": "2026-04-04T11:47:56Z"
}
